#
# There is insufficient memory for the Java Runtime Environment to continue.
# Native memory allocation (malloc) failed to allocate 1889552 bytes. Error detail: Chunk::new
# Possible reasons:
#   The system is out of physical RAM or swap space
#   This process is running with CompressedOops enabled, and the Java Heap may be blocking the growth of the native heap
# Possible solutions:
#   Reduce memory load on the system
#   Increase physical memory or swap space
#   Check if swap backing store is full
#   Decrease Java heap size (-Xmx/-Xms)
#   Decrease number of Java threads
#   Decrease Java thread stack sizes (-Xss)
#   Set larger code cache with -XX:ReservedCodeCacheSize=
#   JVM is running with Unscaled Compressed Oops mode in which the Java heap is
#     placed in the first 4GB address space. The Java Heap base address is the
#     maximum limit for the native heap growth. Please use -XX:HeapBaseMinAddress
#     to set the Java Heap base and to place the Java Heap above 4GB virtual address.
# This output file may be truncated or incomplete.
#
#  Out of Memory Error (arena.cpp:168), pid=22576, tid=23816
#
# JRE version: OpenJDK Runtime Environment Temurin-21.0.11+10 (21.0.11+10) (build 21.0.11+10-LTS)
# Java VM: OpenJDK 64-Bit Server VM Temurin-21.0.11+10 (21.0.11+10-LTS, mixed mode, sharing, tiered, compressed oops, compressed class ptrs, parallel gc, windows-amd64)
# No core dump will be written. Minidumps are not enabled by default on client versions of Windows
#

---------------  S U M M A R Y ------------

Command Line: --add-modules=ALL-SYSTEM --add-opens=java.base/java.util=ALL-UNNAMED --add-opens=java.base/java.lang=ALL-UNNAMED --add-opens=java.base/sun.nio.fs=ALL-UNNAMED -Declipse.application=org.eclipse.jdt.ls.core.id1 -Dosgi.bundles.defaultStartLevel=4 -Declipse.product=org.eclipse.jdt.ls.core.product -Djava.import.generatesMetadataFilesAtProjectRoot=false -DDetectVMInstallationsJob.disabled=true -Dfile.encoding=utf8 -XX:+UseParallelGC -XX:GCTimeRatio=4 -XX:AdaptiveSizePolicyWeight=90 -Dsun.zip.disableMemoryMapping=true -Xmx2G -Xms100m -Xlog:disable -javaagent:c:\Users\Asus\.vscode\extensions\redhat.java-1.55.0-win32-x64\lombok\lombok-1.18.39-4050.jar c:\Users\Asus\.vscode\extensions\redhat.java-1.55.0-win32-x64\server\plugins\org.eclipse.equinox.launcher_1.7.200.v20260619-2039.jar -configuration c:\Users\Asus\AppData\Roaming\Code\User\globalStorage\redhat.java\1.55.0\config_ss_win -data c:\Users\Asus\AppData\Roaming\Code\User\workspaceStorage\fa36339f393b423232f5ce674a617c59\redhat.java\ss_ws --pipe=\\.\pipe\lsp-4f515fc41127fcb2e36633516b5529a0-sock

Host: AMD Ryzen 3 7320U with Radeon Graphics         , 8 cores, 7G,  Windows 11 , 64 bit Build 26100 (10.0.26100.8521)
Time: Wed Jul 15 23:33:21 2026 SE Asia Standard Time elapsed time: 8.279821 seconds (0d 0h 0m 8s)

---------------  T H R E A D  ---------------

Current thread (0x0000019c6f876130):  JavaThread "C2 CompilerThread2" daemon [_thread_in_native, id=23816, stack(0x0000007f05000000,0x0000007f05100000) (1024K)]


Current CompileTask:
C2:8279 2735       4       org.lombokweb.asm.ClassReader::readMethod (1070 bytes)

Stack: [0x0000007f05000000,0x0000007f05100000]
Native frames: (J=compiled Java code, j=interpreted, Vv=VM code, C=native code)
V  [jvm.dll+0x6d7e19]
V  [jvm.dll+0x8b5096]
V  [jvm.dll+0x8b764e]
V  [jvm.dll+0x8b7d33]
V  [jvm.dll+0x284596]
V  [jvm.dll+0xc685d]
V  [jvm.dll+0xc6da1]
V  [jvm.dll+0x3bed6b]
V  [jvm.dll+0x1e4149]
V  [jvm.dll+0x24c853]
V  [jvm.dll+0x24bce0]
V  [jvm.dll+0x1cb4ae]
V  [jvm.dll+0x25baad]
V  [jvm.dll+0x25a03a]
V  [jvm.dll+0x3f868e]
V  [jvm.dll+0x85fb0d]
V  [jvm.dll+0x6d664d]
C  [ucrtbase.dll+0x2cd30]
C  [KERNEL32.DLL+0x2e957]
C  [ntdll.dll+0x87c1c]


---------------  P R O C E S S  ---------------

Threads class SMR info:
_java_thread_list=0x0000019c703cdd40, length=21, elements={
0x0000019c0f69c0d0, 0x0000019c0f75c300, 0x0000019c27e25280, 0x0000019c27e29030,
0x0000019c27e2baa0, 0x0000019c27e2d9c0, 0x0000019c27e31d00, 0x0000019c27e38f10,
0x0000019c27e3a820, 0x0000019c6aa49600, 0x0000019c6ab8b900, 0x0000019c6f8282f0,
0x0000019c6f7613a0, 0x0000019c6f761ce0, 0x0000019c6f5c5120, 0x0000019c6f928600,
0x0000019c6f928c90, 0x0000019c6f929320, 0x0000019c6f927250, 0x0000019c6f873850,
0x0000019c6f876130
}

Java Threads: ( => current thread )
  0x0000019c0f69c0d0 JavaThread "main"                              [_thread_blocked, id=6132, stack(0x0000007f03200000,0x0000007f03300000) (1024K)]
  0x0000019c0f75c300 JavaThread "Reference Handler"          daemon [_thread_blocked, id=29940, stack(0x0000007f03600000,0x0000007f03700000) (1024K)]
  0x0000019c27e25280 JavaThread "Finalizer"                  daemon [_thread_blocked, id=22188, stack(0x0000007f03700000,0x0000007f03800000) (1024K)]
  0x0000019c27e29030 JavaThread "Signal Dispatcher"          daemon [_thread_blocked, id=7000, stack(0x0000007f03800000,0x0000007f03900000) (1024K)]
  0x0000019c27e2baa0 JavaThread "Attach Listener"            daemon [_thread_blocked, id=12172, stack(0x0000007f03900000,0x0000007f03a00000) (1024K)]
  0x0000019c27e2d9c0 JavaThread "Service Thread"             daemon [_thread_blocked, id=31452, stack(0x0000007f03a00000,0x0000007f03b00000) (1024K)]
  0x0000019c27e31d00 JavaThread "Monitor Deflation Thread"   daemon [_thread_blocked, id=20744, stack(0x0000007f03b00000,0x0000007f03c00000) (1024K)]
  0x0000019c27e38f10 JavaThread "C2 CompilerThread0"         daemon [_thread_in_native, id=6384, stack(0x0000007f03c00000,0x0000007f03d00000) (1024K)]
  0x0000019c27e3a820 JavaThread "C1 CompilerThread0"         daemon [_thread_blocked, id=2860, stack(0x0000007f03d00000,0x0000007f03e00000) (1024K)]
  0x0000019c6aa49600 JavaThread "Common-Cleaner"             daemon [_thread_blocked, id=7892, stack(0x0000007f03f00000,0x0000007f04000000) (1024K)]
  0x0000019c6ab8b900 JavaThread "Notification Thread"        daemon [_thread_blocked, id=26996, stack(0x0000007f04000000,0x0000007f04100000) (1024K)]
  0x0000019c6f8282f0 JavaThread "Active Thread: Equinox Container: 6022a24c-78fa-4efc-bf0b-3dabd9915d37"        [_thread_blocked, id=32864, stack(0x0000007f04800000,0x0000007f04900000) (1024K)]
  0x0000019c6f7613a0 JavaThread "Framework Event Dispatcher: Equinox Container: 6022a24c-78fa-4efc-bf0b-3dabd9915d37" daemon [_thread_blocked, id=11940, stack(0x0000007f04100000,0x0000007f04200000) (1024K)]
  0x0000019c6f761ce0 JavaThread "Start Level: Equinox Container: 6022a24c-78fa-4efc-bf0b-3dabd9915d37" daemon [_thread_in_vm, id=32396, stack(0x0000007f04900000,0x0000007f04a00000) (1024K)]
  0x0000019c6f5c5120 JavaThread "SCR Component Actor"        daemon [_thread_blocked, id=31660, stack(0x0000007f04b00000,0x0000007f04c00000) (1024K)]
  0x0000019c6f928600 JavaThread "Worker-JM"                         [_thread_blocked, id=20684, stack(0x0000007f04d00000,0x0000007f04e00000) (1024K)]
  0x0000019c6f928c90 JavaThread "JNA Cleaner"                daemon [_thread_blocked, id=20784, stack(0x0000007f03e00000,0x0000007f03f00000) (1024K)]
  0x0000019c6f929320 JavaThread "Worker-0"                          [_thread_blocked, id=11120, stack(0x0000007f04c00000,0x0000007f04d00000) (1024K)]
  0x0000019c6f927250 JavaThread "Worker-1"                          [_thread_blocked, id=4484, stack(0x0000007f04e00000,0x0000007f04f00000) (1024K)]
  0x0000019c6f873850 JavaThread "C2 CompilerThread1"         daemon [_thread_in_native, id=17376, stack(0x0000007f04f00000,0x0000007f05000000) (1024K)]
=>0x0000019c6f876130 JavaThread "C2 CompilerThread2"         daemon [_thread_in_native, id=23816, stack(0x0000007f05000000,0x0000007f05100000) (1024K)]
Total: 21

Other Threads:
  0x0000019c0f73ea90 VMThread "VM Thread"                           [id=32992, stack(0x0000007f03500000,0x0000007f03600000) (1024K)]
  0x0000019c27d3ca00 WatcherThread "VM Periodic Task Thread"        [id=30932, stack(0x0000007f03400000,0x0000007f03500000) (1024K)]
  0x0000019c0f6baad0 WorkerThread "GC Thread#0"                     [id=16788, stack(0x0000007f03300000,0x0000007f03400000) (1024K)]
  0x0000019c6f3bda30 WorkerThread "GC Thread#1"                     [id=18868, stack(0x0000007f04200000,0x0000007f04300000) (1024K)]
  0x0000019c6f3bdde0 WorkerThread "GC Thread#2"                     [id=6440, stack(0x0000007f04300000,0x0000007f04400000) (1024K)]
  0x0000019c6f2caa40 WorkerThread "GC Thread#3"                     [id=18436, stack(0x0000007f04400000,0x0000007f04500000) (1024K)]
  0x0000019c6f2cadf0 WorkerThread "GC Thread#4"                     [id=18052, stack(0x0000007f04500000,0x0000007f04600000) (1024K)]
  0x0000019c6f2cb1a0 WorkerThread "GC Thread#5"                     [id=18376, stack(0x0000007f04600000,0x0000007f04700000) (1024K)]
  0x0000019c6f62a7a0 WorkerThread "GC Thread#6"                     [id=22392, stack(0x0000007f04700000,0x0000007f04800000) (1024K)]
  0x0000019c6f5c4190 WorkerThread "GC Thread#7"                     [id=12268, stack(0x0000007f04a00000,0x0000007f04b00000) (1024K)]
Total: 10

Threads with active compile tasks:
C2 CompilerThread0  8393 3059       4       java.util.TreeMap::put (221 bytes)
C2 CompilerThread1  8393 3060       4       java.lang.Object::toString (36 bytes)
C2 CompilerThread2  8393 2735       4       org.lombokweb.asm.ClassReader::readMethod (1070 bytes)
Total: 3

VM state: not at safepoint (normal execution)

VM Mutex/Monitor currently owned by a thread: None

Heap address: 0x0000000080000000, size: 2048 MB, Compressed Oops mode: 32-bit

CDS archive(s) mapped at: [0x0000019c28000000-0x0000019c28ba0000-0x0000019c28ba0000), size 12189696, SharedBaseAddress: 0x0000019c28000000, ArchiveRelocationMode: 1.
Compressed class space mapped at: 0x0000019c29000000-0x0000019c69000000, reserved size: 1073741824
Narrow klass base: 0x0000019c28000000, Narrow klass shift: 0, Narrow klass range: 0x100000000

GC Precious Log:
 CardTable entry size: 512
 CPUs: 8 total, 8 available
 Memory: 7455M
 Large Page Support: Disabled
 NUMA Support: Disabled
 Compressed Oops: Enabled (32-bit)
 Alignments: Space 512K, Generation 512K, Heap 2M
 Heap Min Capacity: 100M
 Heap Initial Capacity: 100M
 Heap Max Capacity: 2G
 Pre-touch: Disabled
 Parallel Workers: 8

Heap:
 PSYoungGen      total 27136K, used 15579K [0x00000000d5580000, 0x00000000d7380000, 0x0000000100000000)
  eden space 24576K, 55% used [0x00000000d5580000,0x00000000d62b4a40,0x00000000d6d80000)
  from space 2560K, 80% used [0x00000000d6e80000,0x00000000d70822c0,0x00000000d7100000)
  to   space 2560K, 0% used [0x00000000d7100000,0x00000000d7100000,0x00000000d7380000)
 ParOldGen       total 68608K, used 8813K [0x0000000080000000, 0x0000000084300000, 0x00000000d5580000)
  object space 68608K, 12% used [0x0000000080000000,0x000000008089b498,0x0000000084300000)
 Metaspace       used 24790K, committed 25600K, reserved 1114112K
  class space    used 2403K, committed 2752K, reserved 1048576K

Card table byte_map: [0x0000019c23170000,0x0000019c23580000] _byte_map_base: 0x0000019c22d70000

Marking Bits: (ParMarkBitMap*) 0x00007ffd404f4460
 Begin Bits: [0x0000019c23830000, 0x0000019c25830000)
 End Bits:   [0x0000019c25830000, 0x0000019c27830000)

Polling page: 0x0000019c13f60000

Metaspace:

Usage:
  Non-class:     21.86 MB used.
      Class:      2.35 MB used.
       Both:     24.21 MB used.

Virtual space:
  Non-class space:       64.00 MB reserved,      22.31 MB ( 35%) committed,  1 nodes.
      Class space:        1.00 GB reserved,       2.69 MB ( <1%) committed,  1 nodes.
             Both:        1.06 GB reserved,      25.00 MB (  2%) committed. 

Chunk freelists:
   Non-Class:  9.59 MB
       Class:  13.30 MB
        Both:  22.90 MB

MaxMetaspaceSize: unlimited
CompressedClassSpaceSize: 1.00 GB
Initial GC threshold: 21.00 MB
Current GC threshold: 35.00 MB
CDS: on
 - commit_granule_bytes: 65536.
 - commit_granule_words: 8192.
 - virtual_space_node_default_size: 8388608.
 - enlarge_chunks_in_place: 1.
 - use_allocation_guard: 0.


Internal statistics:

num_allocs_failed_limit: 3.
num_arena_births: 530.
num_arena_deaths: 14.
num_vsnodes_births: 2.
num_vsnodes_deaths: 0.
num_space_committed: 400.
num_space_uncommitted: 0.
num_chunks_returned_to_freelist: 17.
num_chunks_taken_from_freelist: 1447.
num_chunk_merges: 9.
num_chunk_splits: 944.
num_chunks_enlarged: 620.
num_inconsistent_stats: 0.

CodeHeap 'non-profiled nmethods': size=120000Kb used=1412Kb max_used=1412Kb free=118587Kb
 bounds [0x0000019c1ba50000, 0x0000019c1bcc0000, 0x0000019c22f80000]
CodeHeap 'profiled nmethods': size=120000Kb used=6089Kb max_used=6089Kb free=113910Kb
 bounds [0x0000019c13f80000, 0x0000019c14580000, 0x0000019c1b4b0000]
CodeHeap 'non-nmethods': size=5760Kb used=1326Kb max_used=1344Kb free=4433Kb
 bounds [0x0000019c1b4b0000, 0x0000019c1b720000, 0x0000019c1ba50000]
CodeCache: size=245760Kb, used=8827Kb, max_used=8845Kb, free=236930Kb
 total_blobs=3672, nmethods=3058, adapters=520, full_count=0
Compilation: enabled, stopped_count=0, restarted_count=0

Compilation events (20 events):
Event: 7.194 Thread 0x0000019c27e3a820 3010       3       java.util.Hashtable$Enumerator::next (27 bytes)
Event: 7.194 Thread 0x0000019c27e3a820 nmethod 3010 0x0000019c14554e90 code [0x0000019c14555060, 0x0000019c145552b8]
Event: 7.198 Thread 0x0000019c27e3a820 3011       3       org.eclipse.osgi.internal.loader.BundleLoaderSources::getPackageSource (64 bytes)
Event: 7.199 Thread 0x0000019c27e3a820 nmethod 3011 0x0000019c14555410 code [0x0000019c14555620, 0x0000019c14555e38]
Event: 7.215 Thread 0x0000019c6f873850 3013       4       java.util.HashMap::put (13 bytes)
Event: 7.215 Thread 0x0000019c27e3a820 3014       3       java.lang.invoke.MethodHandleImpl::makePairwiseConvertByEditor (617 bytes)
Event: 7.222 Thread 0x0000019c27e3a820 nmethod 3014 0x0000019c14556090 code [0x0000019c14556880, 0x0000019c1455b710]
Event: 7.222 Thread 0x0000019c27e3a820 3016       3       org.eclipse.core.runtime.Assert::isTrue (20 bytes)
Event: 7.222 Thread 0x0000019c27e3a820 nmethod 3016 0x0000019c1455d610 code [0x0000019c1455d7e0, 0x0000019c1455da50]
Event: 7.222 Thread 0x0000019c27e3a820 3018       3       org.eclipse.core.runtime.Assert::isTrue (7 bytes)
Event: 7.222 Thread 0x0000019c27e3a820 nmethod 3018 0x0000019c1455db90 code [0x0000019c1455dd60, 0x0000019c1455e038]
Event: 7.222 Thread 0x0000019c27e3a820 3017       1       org.eclipse.jface.text.templates.TemplateVariableResolver::getType (5 bytes)
Event: 7.223 Thread 0x0000019c27e3a820 nmethod 3017 0x0000019c1bbac990 code [0x0000019c1bbacb20, 0x0000019c1bbacbe8]
Event: 7.223 Thread 0x0000019c27e3a820 3015       3       java.lang.invoke.BoundMethodHandle::bindArgumentL (11 bytes)
Event: 7.223 Thread 0x0000019c27e3a820 nmethod 3015 0x0000019c1455e190 code [0x0000019c1455e380, 0x0000019c1455e828]
Event: 7.231 Thread 0x0000019c6f873850 nmethod 3013 0x0000019c1bbacc90 code [0x0000019c1bbacec0, 0x0000019c1bbad700]
Event: 7.908 Thread 0x0000019c27e3a820 3019       3       java.util.concurrent.locks.ReentrantLock::tryLock (13 bytes)
Event: 7.908 Thread 0x0000019c27e3a820 nmethod 3019 0x0000019c1455ea90 code [0x0000019c1455ec40, 0x0000019c1455edd8]
Event: 7.908 Thread 0x0000019c27e3a820 3020       3       java.util.concurrent.locks.ReentrantLock$Sync::tryLockNanos (36 bytes)
Event: 7.908 Thread 0x0000019c27e3a820 nmethod 3020 0x0000019c1455ef10 code [0x0000019c1455f120, 0x0000019c1455f6c0]

GC Heap History (16 events):
Event: 2.397 GC heap before
{Heap before GC invocations=1 (full 0):
 PSYoungGen      total 29696K, used 25600K [0x00000000d5580000, 0x00000000d7680000, 0x0000000100000000)
  eden space 25600K, 100% used [0x00000000d5580000,0x00000000d6e80000,0x00000000d6e80000)
  from space 4096K, 0% used [0x00000000d7280000,0x00000000d7280000,0x00000000d7680000)
  to   space 4096K, 0% used [0x00000000d6e80000,0x00000000d6e80000,0x00000000d7280000)
 ParOldGen       total 68608K, used 0K [0x0000000080000000, 0x0000000084300000, 0x00000000d5580000)
  object space 68608K, 0% used [0x0000000080000000,0x0000000080000000,0x0000000084300000)
 Metaspace       used 4380K, committed 4608K, reserved 1114112K
  class space    used 476K, committed 576K, reserved 1048576K
}
Event: 2.407 GC heap after
{Heap after GC invocations=1 (full 0):
 PSYoungGen      total 29696K, used 3264K [0x00000000d5580000, 0x00000000d7680000, 0x0000000100000000)
  eden space 25600K, 0% used [0x00000000d5580000,0x00000000d5580000,0x00000000d6e80000)
  from space 4096K, 79% used [0x00000000d6e80000,0x00000000d71b0138,0x00000000d7280000)
  to   space 4096K, 0% used [0x00000000d7280000,0x00000000d7280000,0x00000000d7680000)
 ParOldGen       total 68608K, used 16K [0x0000000080000000, 0x0000000084300000, 0x00000000d5580000)
  object space 68608K, 0% used [0x0000000080000000,0x0000000080004000,0x0000000084300000)
 Metaspace       used 4380K, committed 4608K, reserved 1114112K
  class space    used 476K, committed 576K, reserved 1048576K
}
Event: 3.386 GC heap before
{Heap before GC invocations=2 (full 0):
 PSYoungGen      total 29696K, used 28864K [0x00000000d5580000, 0x00000000d7680000, 0x0000000100000000)
  eden space 25600K, 100% used [0x00000000d5580000,0x00000000d6e80000,0x00000000d6e80000)
  from space 4096K, 79% used [0x00000000d6e80000,0x00000000d71b0138,0x00000000d7280000)
  to   space 4096K, 0% used [0x00000000d7280000,0x00000000d7280000,0x00000000d7680000)
 ParOldGen       total 68608K, used 16K [0x0000000080000000, 0x0000000084300000, 0x00000000d5580000)
  object space 68608K, 0% used [0x0000000080000000,0x0000000080004000,0x0000000084300000)
 Metaspace       used 8233K, committed 8512K, reserved 1114112K
  class space    used 878K, committed 1024K, reserved 1048576K
}
Event: 3.394 GC heap after
{Heap after GC invocations=2 (full 0):
 PSYoungGen      total 29696K, used 4083K [0x00000000d5580000, 0x00000000d7680000, 0x0000000100000000)
  eden space 25600K, 0% used [0x00000000d5580000,0x00000000d5580000,0x00000000d6e80000)
  from space 4096K, 99% used [0x00000000d7280000,0x00000000d767ccd0,0x00000000d7680000)
  to   space 4096K, 0% used [0x00000000d6e80000,0x00000000d6e80000,0x00000000d7280000)
 ParOldGen       total 68608K, used 1086K [0x0000000080000000, 0x0000000084300000, 0x00000000d5580000)
  object space 68608K, 1% used [0x0000000080000000,0x000000008010f998,0x0000000084300000)
 Metaspace       used 8233K, committed 8512K, reserved 1114112K
  class space    used 878K, committed 1024K, reserved 1048576K
}
Event: 4.217 GC heap before
{Heap before GC invocations=3 (full 0):
 PSYoungGen      total 29696K, used 29683K [0x00000000d5580000, 0x00000000d7680000, 0x0000000100000000)
  eden space 25600K, 100% used [0x00000000d5580000,0x00000000d6e80000,0x00000000d6e80000)
  from space 4096K, 99% used [0x00000000d7280000,0x00000000d767ccd0,0x00000000d7680000)
  to   space 4096K, 0% used [0x00000000d6e80000,0x00000000d6e80000,0x00000000d7280000)
 ParOldGen       total 68608K, used 1086K [0x0000000080000000, 0x0000000084300000, 0x00000000d5580000)
  object space 68608K, 1% used [0x0000000080000000,0x000000008010f998,0x0000000084300000)
 Metaspace       used 13102K, committed 13696K, reserved 1114112K
  class space    used 1389K, committed 1664K, reserved 1048576K
}
Event: 4.223 GC heap after
{Heap after GC invocations=3 (full 0):
 PSYoungGen      total 29696K, used 4076K [0x00000000d5580000, 0x00000000d7680000, 0x0000000100000000)
  eden space 25600K, 0% used [0x00000000d5580000,0x00000000d5580000,0x00000000d6e80000)
  from space 4096K, 99% used [0x00000000d6e80000,0x00000000d727b3c8,0x00000000d7280000)
  to   space 4096K, 0% used [0x00000000d7280000,0x00000000d7280000,0x00000000d7680000)
 ParOldGen       total 68608K, used 2810K [0x0000000080000000, 0x0000000084300000, 0x00000000d5580000)
  object space 68608K, 4% used [0x0000000080000000,0x00000000802be9f0,0x0000000084300000)
 Metaspace       used 13102K, committed 13696K, reserved 1114112K
  class space    used 1389K, committed 1664K, reserved 1048576K
}
Event: 5.954 GC heap before
{Heap before GC invocations=4 (full 0):
 PSYoungGen      total 29696K, used 29592K [0x00000000d5580000, 0x00000000d7680000, 0x0000000100000000)
  eden space 25600K, 99% used [0x00000000d5580000,0x00000000d6e6ac90,0x00000000d6e80000)
  from space 4096K, 99% used [0x00000000d6e80000,0x00000000d727b3c8,0x00000000d7280000)
  to   space 4096K, 0% used [0x00000000d7280000,0x00000000d7280000,0x00000000d7680000)
 ParOldGen       total 68608K, used 2810K [0x0000000080000000, 0x0000000084300000, 0x00000000d5580000)
  object space 68608K, 4% used [0x0000000080000000,0x00000000802be9f0,0x0000000084300000)
 Metaspace       used 17151K, committed 17792K, reserved 1114112K
  class space    used 1813K, committed 2112K, reserved 1048576K
}
Event: 5.959 GC heap after
{Heap after GC invocations=4 (full 0):
 PSYoungGen      total 29696K, used 4086K [0x00000000d5580000, 0x00000000d7680000, 0x0000000100000000)
  eden space 25600K, 0% used [0x00000000d5580000,0x00000000d5580000,0x00000000d6e80000)
  from space 4096K, 99% used [0x00000000d7280000,0x00000000d767d8f8,0x00000000d7680000)
  to   space 4096K, 0% used [0x00000000d6e80000,0x00000000d6e80000,0x00000000d7280000)
 ParOldGen       total 68608K, used 4810K [0x0000000080000000, 0x0000000084300000, 0x00000000d5580000)
  object space 68608K, 7% used [0x0000000080000000,0x00000000804b2b20,0x0000000084300000)
 Metaspace       used 17151K, committed 17792K, reserved 1114112K
  class space    used 1813K, committed 2112K, reserved 1048576K
}
Event: 6.379 GC heap before
{Heap before GC invocations=5 (full 0):
 PSYoungGen      total 29696K, used 29686K [0x00000000d5580000, 0x00000000d7680000, 0x0000000100000000)
  eden space 25600K, 100% used [0x00000000d5580000,0x00000000d6e80000,0x00000000d6e80000)
  from space 4096K, 99% used [0x00000000d7280000,0x00000000d767d8f8,0x00000000d7680000)
  to   space 4096K, 0% used [0x00000000d6e80000,0x00000000d6e80000,0x00000000d7280000)
 ParOldGen       total 68608K, used 4810K [0x0000000080000000, 0x0000000084300000, 0x00000000d5580000)
  object space 68608K, 7% used [0x0000000080000000,0x00000000804b2b20,0x0000000084300000)
 Metaspace       used 20502K, committed 21184K, reserved 1114112K
  class space    used 2045K, committed 2368K, reserved 1048576K
}
Event: 6.384 GC heap after
{Heap after GC invocations=5 (full 0):
 PSYoungGen      total 29184K, used 4080K [0x00000000d5580000, 0x00000000d7800000, 0x0000000100000000)
  eden space 25088K, 0% used [0x00000000d5580000,0x00000000d5580000,0x00000000d6e00000)
  from space 4096K, 99% used [0x00000000d6e80000,0x00000000d727c0e8,0x00000000d7280000)
  to   space 5120K, 0% used [0x00000000d7300000,0x00000000d7300000,0x00000000d7800000)
 ParOldGen       total 68608K, used 4978K [0x0000000080000000, 0x0000000084300000, 0x00000000d5580000)
  object space 68608K, 7% used [0x0000000080000000,0x00000000804dcb20,0x0000000084300000)
 Metaspace       used 20502K, committed 21184K, reserved 1114112K
  class space    used 2045K, committed 2368K, reserved 1048576K
}
Event: 6.443 GC heap before
{Heap before GC invocations=6 (full 0):
 PSYoungGen      total 29184K, used 6549K [0x00000000d5580000, 0x00000000d7800000, 0x0000000100000000)
  eden space 25088K, 9% used [0x00000000d5580000,0x00000000d57e9408,0x00000000d6e00000)
  from space 4096K, 99% used [0x00000000d6e80000,0x00000000d727c0e8,0x00000000d7280000)
  to   space 5120K, 0% used [0x00000000d7300000,0x00000000d7300000,0x00000000d7800000)
 ParOldGen       total 68608K, used 4978K [0x0000000080000000, 0x0000000084300000, 0x00000000d5580000)
  object space 68608K, 7% used [0x0000000080000000,0x00000000804dcb20,0x0000000084300000)
 Metaspace       used 20828K, committed 21504K, reserved 1114112K
  class space    used 2082K, committed 2432K, reserved 1048576K
}
Event: 6.448 GC heap after
{Heap after GC invocations=6 (full 0):
 PSYoungGen      total 29696K, used 4329K [0x00000000d5580000, 0x00000000d7780000, 0x0000000100000000)
  eden space 25088K, 0% used [0x00000000d5580000,0x00000000d5580000,0x00000000d6e00000)
  from space 4608K, 93% used [0x00000000d7300000,0x00000000d773a748,0x00000000d7780000)
  to   space 4608K, 0% used [0x00000000d6e80000,0x00000000d6e80000,0x00000000d7300000)
 ParOldGen       total 68608K, used 4978K [0x0000000080000000, 0x0000000084300000, 0x00000000d5580000)
  object space 68608K, 7% used [0x0000000080000000,0x00000000804dcb20,0x0000000084300000)
 Metaspace       used 20828K, committed 21504K, reserved 1114112K
  class space    used 2082K, committed 2432K, reserved 1048576K
}
Event: 6.448 GC heap before
{Heap before GC invocations=7 (full 1):
 PSYoungGen      total 29696K, used 4329K [0x00000000d5580000, 0x00000000d7780000, 0x0000000100000000)
  eden space 25088K, 0% used [0x00000000d5580000,0x00000000d5580000,0x00000000d6e00000)
  from space 4608K, 93% used [0x00000000d7300000,0x00000000d773a748,0x00000000d7780000)
  to   space 4608K, 0% used [0x00000000d6e80000,0x00000000d6e80000,0x00000000d7300000)
 ParOldGen       total 68608K, used 4978K [0x0000000080000000, 0x0000000084300000, 0x00000000d5580000)
  object space 68608K, 7% used [0x0000000080000000,0x00000000804dcb20,0x0000000084300000)
 Metaspace       used 20828K, committed 21504K, reserved 1114112K
  class space    used 2082K, committed 2432K, reserved 1048576K
}
Event: 6.491 GC heap after
{Heap after GC invocations=7 (full 1):
 PSYoungGen      total 29696K, used 0K [0x00000000d5580000, 0x00000000d7780000, 0x0000000100000000)
  eden space 25088K, 0% used [0x00000000d5580000,0x00000000d5580000,0x00000000d6e00000)
  from space 4608K, 0% used [0x00000000d7300000,0x00000000d7300000,0x00000000d7780000)
  to   space 4608K, 0% used [0x00000000d6e80000,0x00000000d6e80000,0x00000000d7300000)
 ParOldGen       total 68608K, used 8805K [0x0000000080000000, 0x0000000084300000, 0x00000000d5580000)
  object space 68608K, 12% used [0x0000000080000000,0x0000000080899498,0x0000000084300000)
 Metaspace       used 20815K, committed 21504K, reserved 1114112K
  class space    used 2078K, committed 2432K, reserved 1048576K
}
Event: 6.842 GC heap before
{Heap before GC invocations=8 (full 1):
 PSYoungGen      total 29696K, used 25088K [0x00000000d5580000, 0x00000000d7780000, 0x0000000100000000)
  eden space 25088K, 100% used [0x00000000d5580000,0x00000000d6e00000,0x00000000d6e00000)
  from space 4608K, 0% used [0x00000000d7300000,0x00000000d7300000,0x00000000d7780000)
  to   space 4608K, 0% used [0x00000000d6e80000,0x00000000d6e80000,0x00000000d7300000)
 ParOldGen       total 68608K, used 8805K [0x0000000080000000, 0x0000000084300000, 0x00000000d5580000)
  object space 68608K, 12% used [0x0000000080000000,0x0000000080899498,0x0000000084300000)
 Metaspace       used 22495K, committed 23168K, reserved 1114112K
  class space    used 2184K, committed 2496K, reserved 1048576K
}
Event: 6.845 GC heap after
{Heap after GC invocations=8 (full 1):
 PSYoungGen      total 27136K, used 2056K [0x00000000d5580000, 0x00000000d7380000, 0x0000000100000000)
  eden space 24576K, 0% used [0x00000000d5580000,0x00000000d5580000,0x00000000d6d80000)
  from space 2560K, 80% used [0x00000000d6e80000,0x00000000d70822c0,0x00000000d7100000)
  to   space 2560K, 0% used [0x00000000d7100000,0x00000000d7100000,0x00000000d7380000)
 ParOldGen       total 68608K, used 8813K [0x0000000080000000, 0x0000000084300000, 0x00000000d5580000)
  object space 68608K, 12% used [0x0000000080000000,0x000000008089b498,0x0000000084300000)
 Metaspace       used 22495K, committed 23168K, reserved 1114112K
  class space    used 2184K, committed 2496K, reserved 1048576K
}

Dll operation events (10 events):
Event: 0.024 Loaded shared library c:\Users\Asus\.vscode\extensions\redhat.java-1.55.0-win32-x64\jre\21.0.11-win32-x86_64\bin\java.dll
Event: 0.124 Loaded shared library c:\Users\Asus\.vscode\extensions\redhat.java-1.55.0-win32-x64\jre\21.0.11-win32-x86_64\bin\zip.dll
Event: 0.164 Loaded shared library C:\Users\Asus\.vscode\extensions\redhat.java-1.55.0-win32-x64\jre\21.0.11-win32-x86_64\bin\instrument.dll
Event: 0.175 Loaded shared library C:\Users\Asus\.vscode\extensions\redhat.java-1.55.0-win32-x64\jre\21.0.11-win32-x86_64\bin\net.dll
Event: 0.180 Loaded shared library C:\Users\Asus\.vscode\extensions\redhat.java-1.55.0-win32-x64\jre\21.0.11-win32-x86_64\bin\nio.dll
Event: 0.187 Loaded shared library C:\Users\Asus\.vscode\extensions\redhat.java-1.55.0-win32-x64\jre\21.0.11-win32-x86_64\bin\zip.dll
Event: 0.218 Loaded shared library C:\Users\Asus\.vscode\extensions\redhat.java-1.55.0-win32-x64\jre\21.0.11-win32-x86_64\bin\jimage.dll
Event: 0.343 Loaded shared library c:\Users\Asus\.vscode\extensions\redhat.java-1.55.0-win32-x64\jre\21.0.11-win32-x86_64\bin\verify.dll
Event: 3.349 Loaded shared library C:\Users\Asus\AppData\Roaming\Code\User\globalStorage\redhat.java\1.55.0\config_ss_win\org.eclipse.equinox.launcher\org.eclipse.equinox.launcher.win32.win32.x86_64_1.3.100.v20260613-0559\eclipse_11924.dll
Event: 5.560 Loaded shared library C:\Users\Asus\AppData\Local\Temp\jna-2050672\jna8104887186229315845.dll

Deoptimization events (20 events):
Event: 7.048 Thread 0x0000019c6f761ce0 Uncommon trap: trap_request=0xffffffc6 fr.pc=0x0000019c1bafcdb0 relative=0x0000000000000950
Event: 7.048 Thread 0x0000019c6f761ce0 Uncommon trap: reason=bimorphic_or_optimized_type_check action=maybe_recompile pc=0x0000019c1bafcdb0 method=java.util.HashMap.putVal(ILjava/lang/Object;Ljava/lang/Object;ZZ)Ljava/lang/Object; @ 56 c2
Event: 7.048 Thread 0x0000019c6f761ce0 DEOPT PACKING pc=0x0000019c1bafcdb0 sp=0x0000007f049fded0
Event: 7.048 Thread 0x0000019c6f761ce0 DEOPT UNPACKING pc=0x0000019c1b503aa2 sp=0x0000007f049fddd0 mode 2
Event: 7.048 Thread 0x0000019c6f761ce0 Uncommon trap: trap_request=0xffffffc6 fr.pc=0x0000019c1bafcdfc relative=0x000000000000099c
Event: 7.048 Thread 0x0000019c6f761ce0 Uncommon trap: reason=bimorphic_or_optimized_type_check action=maybe_recompile pc=0x0000019c1bafcdfc method=java.util.HashMap.putVal(ILjava/lang/Object;Ljava/lang/Object;ZZ)Ljava/lang/Object; @ 152 c2
Event: 7.048 Thread 0x0000019c6f761ce0 DEOPT PACKING pc=0x0000019c1bafcdfc sp=0x0000007f049fded0
Event: 7.048 Thread 0x0000019c6f761ce0 DEOPT UNPACKING pc=0x0000019c1b503aa2 sp=0x0000007f049fddd8 mode 2
Event: 7.048 Thread 0x0000019c6f761ce0 Uncommon trap: trap_request=0xffffffc6 fr.pc=0x0000019c1bafcdfc relative=0x000000000000099c
Event: 7.048 Thread 0x0000019c6f761ce0 Uncommon trap: reason=bimorphic_or_optimized_type_check action=maybe_recompile pc=0x0000019c1bafcdfc method=java.util.HashMap.putVal(ILjava/lang/Object;Ljava/lang/Object;ZZ)Ljava/lang/Object; @ 152 c2
Event: 7.048 Thread 0x0000019c6f761ce0 DEOPT PACKING pc=0x0000019c1bafcdfc sp=0x0000007f049fded0
Event: 7.048 Thread 0x0000019c6f761ce0 DEOPT UNPACKING pc=0x0000019c1b503aa2 sp=0x0000007f049fddd8 mode 2
Event: 7.215 Thread 0x0000019c6f761ce0 Uncommon trap: trap_request=0xffffffde fr.pc=0x0000019c1bba18f4 relative=0x0000000000000834
Event: 7.215 Thread 0x0000019c6f761ce0 Uncommon trap: reason=class_check action=maybe_recompile pc=0x0000019c1bba18f4 method=java.util.HashMap.putVal(ILjava/lang/Object;Ljava/lang/Object;ZZ)Ljava/lang/Object; @ 91 c2
Event: 7.215 Thread 0x0000019c6f761ce0 DEOPT PACKING pc=0x0000019c1bba18f4 sp=0x0000007f049fdbf0
Event: 7.215 Thread 0x0000019c6f761ce0 DEOPT UNPACKING pc=0x0000019c1b503aa2 sp=0x0000007f049fdae0 mode 2
Event: 7.215 Thread 0x0000019c6f761ce0 Uncommon trap: trap_request=0xffffffde fr.pc=0x0000019c1bba18f4 relative=0x0000000000000834
Event: 7.215 Thread 0x0000019c6f761ce0 Uncommon trap: reason=class_check action=maybe_recompile pc=0x0000019c1bba18f4 method=java.util.HashMap.putVal(ILjava/lang/Object;Ljava/lang/Object;ZZ)Ljava/lang/Object; @ 91 c2
Event: 7.215 Thread 0x0000019c6f761ce0 DEOPT PACKING pc=0x0000019c1bba18f4 sp=0x0000007f049fdbf0
Event: 7.215 Thread 0x0000019c6f761ce0 DEOPT UNPACKING pc=0x0000019c1b503aa2 sp=0x0000007f049fdae0 mode 2

Classes loaded (20 events):
Event: 7.137 Loading class java/util/UUID$Holder
Event: 7.138 Loading class java/util/UUID$Holder done
Event: 7.155 Loading class java/util/DualPivotQuicksort
Event: 7.155 Loading class java/util/DualPivotQuicksort done
Event: 7.162 Loading class java/lang/Character$UnicodeBlock
Event: 7.164 Loading class java/lang/Character$Subset
Event: 7.164 Loading class java/lang/Character$Subset done
Event: 7.164 Loading class java/lang/Character$UnicodeBlock done
Event: 7.179 Loading class java/lang/StringIndexOutOfBoundsException
Event: 7.179 Loading class java/lang/StringIndexOutOfBoundsException done
Event: 7.192 Loading class java/util/Hashtable$EntrySet
Event: 7.192 Loading class java/util/Hashtable$EntrySet done
Event: 7.208 Loading class java/util/ResourceBundle$ResourceBundleControlProviderHolder
Event: 7.208 Loading class java/util/ResourceBundle$ResourceBundleControlProviderHolder done
Event: 7.209 Loading class java/util/spi/ResourceBundleControlProvider
Event: 7.209 Loading class java/util/spi/ResourceBundleControlProvider done
Event: 7.209 Loading class java/util/ServiceLoader$ProviderSpliterator
Event: 7.209 Loading class java/util/ServiceLoader$ProviderSpliterator done
Event: 7.210 Loading class java/util/ResourceBundle$Control$2
Event: 7.210 Loading class java/util/ResourceBundle$Control$2 done

Classes unloaded (7 events):
Event: 6.453 Thread 0x0000019c0f73ea90 Unloading class 0x0000019c29191400 'java/lang/invoke/LambdaForm$MH+0x0000019c29191400'
Event: 6.453 Thread 0x0000019c0f73ea90 Unloading class 0x0000019c29191000 'java/lang/invoke/LambdaForm$MH+0x0000019c29191000'
Event: 6.453 Thread 0x0000019c0f73ea90 Unloading class 0x0000019c29190c00 'java/lang/invoke/LambdaForm$MH+0x0000019c29190c00'
Event: 6.453 Thread 0x0000019c0f73ea90 Unloading class 0x0000019c29190800 'java/lang/invoke/LambdaForm$MH+0x0000019c29190800'
Event: 6.453 Thread 0x0000019c0f73ea90 Unloading class 0x0000019c29190400 'java/lang/invoke/LambdaForm$BMH+0x0000019c29190400'
Event: 6.453 Thread 0x0000019c0f73ea90 Unloading class 0x0000019c29190000 'java/lang/invoke/LambdaForm$DMH+0x0000019c29190000'
Event: 6.453 Thread 0x0000019c0f73ea90 Unloading class 0x0000019c2918ec00 'java/lang/invoke/LambdaForm$DMH+0x0000019c2918ec00'

Classes redefined (0 events):
No events

Internal exceptions (20 events):
Event: 5.703 Thread 0x0000019c6f761ce0 Exception <a 'java/lang/NoSuchMethodError'{0x00000000d66575f8}: 'int java.lang.invoke.DirectMethodHandle$Holder.invokeStaticInit(java.lang.Object, java.lang.Object, java.lang.Object)'> (0x00000000d66575f8) 
thrown [s\src\hotspot\share\interpreter\linkResolver.cpp, line 773]
Event: 5.718 Thread 0x0000019c6f761ce0 Exception <a 'java/lang/IncompatibleClassChangeError'{0x00000000d66e4a08}: Found class java.lang.Object, but interface was expected> (0x00000000d66e4a08) 
thrown [s\src\hotspot\share\interpreter\linkResolver.cpp, line 840]
Event: 5.726 Thread 0x0000019c6f761ce0 Exception <a 'java/lang/NoSuchMethodError'{0x00000000d66f74d0}: 'java.lang.Object java.lang.invoke.DirectMethodHandle$Holder.invokeSpecial(java.lang.Object, java.lang.Object, java.lang.Object, int, java.lang.Object, java.lang.Object)'> (0x00000000d66f74d0) 
thrown [s\src\hotspot\share\interpreter\linkResolver.cpp, line 773]
Event: 5.727 Thread 0x0000019c6f761ce0 Exception <a 'java/lang/NoSuchMethodError'{0x00000000d66fefa8}: 'java.lang.Object java.lang.invoke.DirectMethodHandle$Holder.newInvokeSpecial(java.lang.Object, java.lang.Object, java.lang.Object, int, java.lang.Object)'> (0x00000000d66fefa8) 
thrown [s\src\hotspot\share\interpreter\linkResolver.cpp, line 773]
Event: 5.728 Thread 0x0000019c6f761ce0 Exception <a 'java/lang/NoSuchMethodError'{0x00000000d6702f28}: 'java.lang.Object java.lang.invoke.DirectMethodHandle$Holder.invokeSpecial(java.lang.Object, java.lang.Object, java.lang.Object, java.lang.Object, int, java.lang.Object)'> (0x00000000d6702f28) 
thrown [s\src\hotspot\share\interpreter\linkResolver.cpp, line 773]
Event: 5.729 Thread 0x0000019c6f761ce0 Exception <a 'java/lang/NoSuchMethodError'{0x00000000d6706db8}: 'java.lang.Object java.lang.invoke.Invokers$Holder.linkToTargetMethod(java.lang.Object, java.lang.Object, int, java.lang.Object, java.lang.Object)'> (0x00000000d6706db8) 
thrown [s\src\hotspot\share\interpreter\linkResolver.cpp, line 773]
Event: 5.730 Thread 0x0000019c6f929320 Exception <a 'java/lang/NoSuchMethodError'{0x00000000d6638d28}: 'java.lang.Object java.lang.invoke.DirectMethodHandle$Holder.invokeSpecial(java.lang.Object, java.lang.Object, int, java.lang.Object, java.lang.Object)'> (0x00000000d6638d28) 
thrown [s\src\hotspot\share\interpreter\linkResolver.cpp, line 773]
Event: 5.731 Thread 0x0000019c6f929320 Exception <a 'java/lang/NoSuchMethodError'{0x00000000d663fa60}: 'java.lang.Object java.lang.invoke.DirectMethodHandle$Holder.newInvokeSpecial(java.lang.Object, java.lang.Object, int, java.lang.Object)'> (0x00000000d663fa60) 
thrown [s\src\hotspot\share\interpreter\linkResolver.cpp, line 773]
Event: 5.732 Thread 0x0000019c6f929320 Exception <a 'java/lang/NoSuchMethodError'{0x00000000d6643340}: 'java.lang.Object java.lang.invoke.DirectMethodHandle$Holder.invokeSpecial(java.lang.Object, java.lang.Object, java.lang.Object, int, java.lang.Object)'> (0x00000000d6643340) 
thrown [s\src\hotspot\share\interpreter\linkResolver.cpp, line 773]
Event: 5.758 Thread 0x0000019c6f761ce0 Exception <a 'java/lang/NoSuchMethodError'{0x00000000d6824de8}: 'void java.lang.invoke.DirectMethodHandle$Holder.invokeSpecial(java.lang.Object, java.lang.Object, java.lang.Object, java.lang.Object, java.lang.Object)'> (0x00000000d6824de8) 
thrown [s\src\hotspot\share\interpreter\linkResolver.cpp, line 773]
Event: 5.879 Thread 0x0000019c6f761ce0 Exception <a 'java/lang/NoSuchMethodError'{0x00000000d6b14800}: 'double java.lang.invoke.DirectMethodHandle$Holder.invokeStatic(java.lang.Object, java.lang.Object)'> (0x00000000d6b14800) 
thrown [s\src\hotspot\share\interpreter\linkResolver.cpp, line 773]
Event: 5.880 Thread 0x0000019c6f761ce0 Exception <a 'java/lang/NoSuchMethodError'{0x00000000d6b17ec0}: 'double java.lang.invoke.DirectMethodHandle$Holder.invokeStaticInit(java.lang.Object, java.lang.Object)'> (0x00000000d6b17ec0) 
thrown [s\src\hotspot\share\interpreter\linkResolver.cpp, line 773]
Event: 6.399 Thread 0x0000019c6f761ce0 Implicit null exception at 0x0000019c1bb7daf5 to 0x0000019c1bb7dbd0
Event: 6.650 Thread 0x0000019c6f761ce0 Exception <a 'java/io/FileNotFoundException'{0x00000000d67f6438}> (0x00000000d67f6438) 
thrown [s\src\hotspot\share\prims\jni.cpp, line 520]
Event: 6.650 Thread 0x0000019c6f761ce0 Exception <a 'java/io/FileNotFoundException'{0x00000000d67f7430}> (0x00000000d67f7430) 
thrown [s\src\hotspot\share\prims\jni.cpp, line 520]
Event: 6.930 Thread 0x0000019c6f761ce0 Exception <a 'java/lang/ClassNotFoundException'{0x00000000d57eac78}: com/sun/org/apache/xerces/internal/impl/msg/spi/DOMMessagesProvider> (0x00000000d57eac78) 
thrown [s\src\hotspot\share\classfile\systemDictionary.cpp, line 313]
Event: 6.933 Thread 0x0000019c6f761ce0 Exception <a 'java/lang/ClassNotFoundException'{0x00000000d5805be0}: com/sun/org/apache/xerces/internal/impl/msg/spi/XMLSerializerMessagesProvider> (0x00000000d5805be0) 
thrown [s\src\hotspot\share\classfile\systemDictionary.cpp, line 313]
Event: 6.935 Thread 0x0000019c6f761ce0 Exception <a 'java/lang/ClassNotFoundException'{0x00000000d5812eb0}: com/sun/org/apache/xerces/internal/impl/msg/spi/XMLMessagesProvider> (0x00000000d5812eb0) 
thrown [s\src\hotspot\share\classfile\systemDictionary.cpp, line 313]
Event: 6.973 Thread 0x0000019c6f761ce0 Exception <a 'java/lang/NoSuchMethodError'{0x00000000d598dd90}: 'java.lang.Object java.lang.invoke.DirectMethodHandle$Holder.newInvokeSpecial(java.lang.Object, int, java.lang.Object, java.lang.Object)'> (0x00000000d598dd90) 
thrown [s\src\hotspot\share\interpreter\linkResolver.cpp, line 773]
Event: 7.064 Thread 0x0000019c6f761ce0 Exception <a 'sun/nio/fs/WindowsException'{0x00000000d5bd33c0}> (0x00000000d5bd33c0) 
thrown [s\src\hotspot\share\prims\jni.cpp, line 520]

ZGC Phase Switch (0 events):
No events

VM Operations (20 events):
Event: 4.325 Executing non-safepoint VM operation: HandshakeAllThreads (Deoptimize) done
Event: 4.352 Executing non-safepoint VM operation: HandshakeAllThreads (Deoptimize)
Event: 4.353 Executing non-safepoint VM operation: HandshakeAllThreads (Deoptimize) done
Event: 5.356 Executing safepoint VM operation: Cleanup
Event: 5.356 Executing safepoint VM operation: Cleanup done
Event: 5.578 Executing non-safepoint VM operation: HandshakeAllThreads (Deoptimize)
Event: 5.578 Executing non-safepoint VM operation: HandshakeAllThreads (Deoptimize) done
Event: 5.954 Executing safepoint VM operation: ParallelGCFailedAllocation (Allocation Failure)
Event: 5.959 Executing safepoint VM operation: ParallelGCFailedAllocation (Allocation Failure) done
Event: 6.379 Executing safepoint VM operation: ParallelGCFailedAllocation (Allocation Failure)
Event: 6.384 Executing safepoint VM operation: ParallelGCFailedAllocation (Allocation Failure) done
Event: 6.443 Executing safepoint VM operation: CollectForMetadataAllocation (Metadata GC Threshold)
Event: 6.491 Executing safepoint VM operation: CollectForMetadataAllocation (Metadata GC Threshold) done
Event: 6.842 Executing safepoint VM operation: ParallelGCFailedAllocation (Allocation Failure)
Event: 6.845 Executing safepoint VM operation: ParallelGCFailedAllocation (Allocation Failure) done
Event: 7.047 Executing non-safepoint VM operation: HandshakeAllThreads (Deoptimize)
Event: 7.047 Executing non-safepoint VM operation: HandshakeAllThreads (Deoptimize) done
Event: 7.129 Executing non-safepoint VM operation: HandshakeAllThreads (Deoptimize)
Event: 7.129 Executing non-safepoint VM operation: HandshakeAllThreads (Deoptimize) done
Event: 8.140 Executing safepoint VM operation: Cleanup

Memory protections (0 events):
No events

Nmethod flushes (0 events):
No events

Events (20 events):
Event: 3.002 Thread 0x0000019c0f69c0d0 Thread added: 0x0000019c6f8282f0
Event: 3.133 Thread 0x0000019c6aa4e080 Thread exited: 0x0000019c6aa4e080
Event: 3.330 Thread 0x0000019c0f69c0d0 Thread added: 0x0000019c6f7613a0
Event: 3.337 Thread 0x0000019c0f69c0d0 Thread added: 0x0000019c6f761ce0
Event: 3.403 Thread 0x0000019c6f761ce0 Thread added: 0x0000019c6f5c5120
Event: 3.531 Thread 0x0000019c6aa4d9b0 Thread exited: 0x0000019c6aa4d9b0
Event: 3.705 Thread 0x0000019c27e38f10 Thread added: 0x0000019c6f874cc0
Event: 3.712 Thread 0x0000019c27e3a820 Thread added: 0x0000019c6f876800
Event: 4.024 Thread 0x0000019c6f761ce0 Thread added: 0x0000019c6f928600
Event: 4.317 Thread 0x0000019c6f876800 Thread exited: 0x0000019c6f876800
Event: 4.317 Thread 0x0000019c6f874cc0 Thread exited: 0x0000019c6f874cc0
Event: 4.344 Thread 0x0000019c27e3a820 Thread added: 0x0000019c6f874cc0
Event: 5.010 Thread 0x0000019c6f874cc0 Thread exited: 0x0000019c6f874cc0
Event: 5.616 Thread 0x0000019c6f761ce0 Thread added: 0x0000019c6f928c90
Event: 5.696 Thread 0x0000019c6f761ce0 Thread added: 0x0000019c6f929320
Event: 5.731 Thread 0x0000019c6f761ce0 Thread added: 0x0000019c6f927250
Event: 5.919 Thread 0x0000019c27e3a820 Thread added: 0x0000019c6f873850
Event: 6.041 Thread 0x0000019c27e3a820 Thread added: 0x0000019c6f876130
Event: 6.955 Thread 0x0000019c6f761ce0 Thread added: 0x0000019c6f926bc0
Event: 7.097 Thread 0x0000019c6f926bc0 Thread exited: 0x0000019c6f926bc0


Dynamic libraries:
0x00007ff7e9ed0000 - 0x00007ff7e9ede000 	c:\Users\Asus\.vscode\extensions\redhat.java-1.55.0-win32-x64\jre\21.0.11-win32-x86_64\bin\java.exe
0x00007ffdbf940000 - 0x00007ffdbfba6000 	C:\WINDOWS\SYSTEM32\ntdll.dll
0x00007ffdbe9c0000 - 0x00007ffdbea89000 	C:\WINDOWS\System32\KERNEL32.DLL
0x00007ffdbcd00000 - 0x00007ffdbd0fa000 	C:\WINDOWS\System32\KERNELBASE.dll
0x00007ffdbd280000 - 0x00007ffdbd3cc000 	C:\WINDOWS\System32\ucrtbase.dll
0x00007ffda96e0000 - 0x00007ffda96fe000 	c:\Users\Asus\.vscode\extensions\redhat.java-1.55.0-win32-x64\jre\21.0.11-win32-x86_64\bin\VCRUNTIME140.dll
0x00007ffdadfb0000 - 0x00007ffdadfc8000 	c:\Users\Asus\.vscode\extensions\redhat.java-1.55.0-win32-x64\jre\21.0.11-win32-x86_64\bin\jli.dll
0x00007ffdbe1f0000 - 0x00007ffdbe3b7000 	C:\WINDOWS\System32\USER32.dll
0x00007ffdbd680000 - 0x00007ffdbd6a7000 	C:\WINDOWS\System32\win32u.dll
0x00007ffdbea90000 - 0x00007ffdbeabb000 	C:\WINDOWS\System32\GDI32.dll
0x00007ffda6050000 - 0x00007ffda62e2000 	C:\WINDOWS\WinSxS\amd64_microsoft.windows.common-controls_6595b64144ccf1df_6.0.26100.8521_none_3e08b75ce33403b3\COMCTL32.dll
0x00007ffdbcbd0000 - 0x00007ffdbccfb000 	C:\WINDOWS\System32\gdi32full.dll
0x00007ffdbd6b0000 - 0x00007ffdbd759000 	C:\WINDOWS\System32\msvcrt.dll
0x00007ffdbd490000 - 0x00007ffdbd533000 	C:\WINDOWS\System32\msvcp_win.dll
0x00007ffdbe470000 - 0x00007ffdbe4a2000 	C:\WINDOWS\System32\IMM32.DLL
0x00007ffdb7700000 - 0x00007ffdb770c000 	c:\Users\Asus\.vscode\extensions\redhat.java-1.55.0-win32-x64\jre\21.0.11-win32-x86_64\bin\vcruntime140_1.dll
0x00007ffd95e70000 - 0x00007ffd95efd000 	c:\Users\Asus\.vscode\extensions\redhat.java-1.55.0-win32-x64\jre\21.0.11-win32-x86_64\bin\msvcp140.dll
0x00007ffd3f830000 - 0x00007ffd405d2000 	c:\Users\Asus\.vscode\extensions\redhat.java-1.55.0-win32-x64\jre\21.0.11-win32-x86_64\bin\server\jvm.dll
0x00007ffdbf720000 - 0x00007ffdbf7d6000 	C:\WINDOWS\System32\ADVAPI32.dll
0x00007ffdbd860000 - 0x00007ffdbd90a000 	C:\WINDOWS\System32\sechost.dll
0x00007ffdbf7e0000 - 0x00007ffdbf8f8000 	C:\WINDOWS\System32\RPCRT4.dll
0x00007ffdbf690000 - 0x00007ffdbf710000 	C:\WINDOWS\System32\WS2_32.dll
0x00007ffdbca50000 - 0x00007ffdbcaae000 	C:\WINDOWS\SYSTEM32\POWRPROF.dll
0x00007ffdae2c0000 - 0x00007ffdae2cb000 	C:\WINDOWS\SYSTEM32\VERSION.dll
0x00007ffdb23d0000 - 0x00007ffdb2406000 	C:\WINDOWS\SYSTEM32\WINMM.dll
0x00007ffdbca30000 - 0x00007ffdbca44000 	C:\WINDOWS\SYSTEM32\UMPDC.dll
0x00007ffdbb960000 - 0x00007ffdbb97b000 	C:\WINDOWS\SYSTEM32\kernel.appcore.dll
0x00007ffdb76b0000 - 0x00007ffdb76ba000 	c:\Users\Asus\.vscode\extensions\redhat.java-1.55.0-win32-x64\jre\21.0.11-win32-x86_64\bin\jimage.dll
0x00007ffdba4c0000 - 0x00007ffdba702000 	C:\WINDOWS\SYSTEM32\DBGHELP.DLL
0x00007ffdbe4b0000 - 0x00007ffdbe833000 	C:\WINDOWS\System32\combase.dll
0x00007ffdbe110000 - 0x00007ffdbe1e9000 	C:\WINDOWS\System32\OLEAUT32.dll
0x00007ffd9fa00000 - 0x00007ffd9fa3b000 	C:\WINDOWS\SYSTEM32\dbgcore.DLL
0x00007ffdbd540000 - 0x00007ffdbd5e8000 	C:\WINDOWS\System32\bcryptPrimitives.dll
0x00007ffdb7570000 - 0x00007ffdb757f000 	c:\Users\Asus\.vscode\extensions\redhat.java-1.55.0-win32-x64\jre\21.0.11-win32-x86_64\bin\instrument.dll
0x00007ffda9540000 - 0x00007ffda9560000 	c:\Users\Asus\.vscode\extensions\redhat.java-1.55.0-win32-x64\jre\21.0.11-win32-x86_64\bin\java.dll
0x00007ffdbede0000 - 0x00007ffdbf564000 	C:\WINDOWS\System32\SHELL32.dll
0x00007ffdba760000 - 0x00007ffdbafe0000 	C:\WINDOWS\SYSTEM32\windows.storage.dll
0x00007ffdbd760000 - 0x00007ffdbd856000 	C:\WINDOWS\System32\SHCORE.dll
0x00007ffdbeac0000 - 0x00007ffdbeb27000 	C:\WINDOWS\System32\shlwapi.dll
0x00007ffdbcaf0000 - 0x00007ffdbcb19000 	C:\WINDOWS\SYSTEM32\profapi.dll
0x00007ffda8bd0000 - 0x00007ffda8be8000 	c:\Users\Asus\.vscode\extensions\redhat.java-1.55.0-win32-x64\jre\21.0.11-win32-x86_64\bin\zip.dll
0x00007ffdb11b0000 - 0x00007ffdb11c0000 	C:\Users\Asus\.vscode\extensions\redhat.java-1.55.0-win32-x64\jre\21.0.11-win32-x86_64\bin\net.dll
0x00007ffdb2210000 - 0x00007ffdb2339000 	C:\WINDOWS\SYSTEM32\WINHTTP.dll
0x00007ffdbbed0000 - 0x00007ffdbbf3c000 	C:\WINDOWS\system32\mswsock.dll
0x00007ffda8980000 - 0x00007ffda8996000 	C:\Users\Asus\.vscode\extensions\redhat.java-1.55.0-win32-x64\jre\21.0.11-win32-x86_64\bin\nio.dll
0x00007ffdb0c50000 - 0x00007ffdb0c60000 	c:\Users\Asus\.vscode\extensions\redhat.java-1.55.0-win32-x64\jre\21.0.11-win32-x86_64\bin\verify.dll
0x00007ffda8390000 - 0x00007ffda83d5000 	C:\Users\Asus\AppData\Roaming\Code\User\globalStorage\redhat.java\1.55.0\config_ss_win\org.eclipse.equinox.launcher\org.eclipse.equinox.launcher.win32.win32.x86_64_1.3.100.v20260613-0559\eclipse_11924.dll
0x00007ffdbec40000 - 0x00007ffdbedd8000 	C:\WINDOWS\System32\ole32.dll
0x00007ffdbc1b0000 - 0x00007ffdbc1cb000 	C:\WINDOWS\SYSTEM32\CRYPTSP.dll
0x00007ffdbb8c0000 - 0x00007ffdbb8f9000 	C:\WINDOWS\system32\rsaenh.dll
0x00007ffdbbf80000 - 0x00007ffdbbfb3000 	C:\WINDOWS\SYSTEM32\USERENV.dll
0x00007ffdbcac0000 - 0x00007ffdbcaea000 	C:\WINDOWS\SYSTEM32\bcrypt.dll
0x00007ffdbc1d0000 - 0x00007ffdbc1dc000 	C:\WINDOWS\SYSTEM32\CRYPTBASE.dll
0x00007ffdbb350000 - 0x00007ffdbb383000 	C:\WINDOWS\SYSTEM32\IPHLPAPI.DLL
0x00007ffdbdbf0000 - 0x00007ffdbdbfa000 	C:\WINDOWS\System32\NSI.dll
0x00007ffda23c0000 - 0x00007ffda2409000 	C:\Users\Asus\AppData\Local\Temp\jna-2050672\jna8104887186229315845.dll
0x00007ffdbd970000 - 0x00007ffdbd978000 	C:\WINDOWS\System32\PSAPI.DLL

JVMTI agents:
c:\Users\Asus\.vscode\extensions\redhat.java-1.55.0-win32-x64\lombok\lombok-1.18.39-4050.jar path:c:\Users\Asus\.vscode\extensions\redhat.java-1.55.0-win32-x64\jre\21.0.11-win32-x86_64\bin\instrument.dll, loaded, initialized, instrumentlib options:none

dbghelp: loaded successfully - version: 4.0.5 - missing functions: none
symbol engine: initialized successfully - sym options: 0x614 - pdb path: .;c:\Users\Asus\.vscode\extensions\redhat.java-1.55.0-win32-x64\jre\21.0.11-win32-x86_64\bin;C:\WINDOWS\SYSTEM32;C:\WINDOWS\WinSxS\amd64_microsoft.windows.common-controls_6595b64144ccf1df_6.0.26100.8521_none_3e08b75ce33403b3;c:\Users\Asus\.vscode\extensions\redhat.java-1.55.0-win32-x64\jre\21.0.11-win32-x86_64\bin\server;C:\Users\Asus\AppData\Roaming\Code\User\globalStorage\redhat.java\1.55.0\config_ss_win\org.eclipse.equinox.launcher\org.eclipse.equinox.launcher.win32.win32.x86_64_1.3.100.v20260613-0559;C:\Users\Asus\AppData\Local\Temp\jna-2050672

VM Arguments:
jvm_args: --add-modules=ALL-SYSTEM --add-opens=java.base/java.util=ALL-UNNAMED --add-opens=java.base/java.lang=ALL-UNNAMED --add-opens=java.base/sun.nio.fs=ALL-UNNAMED -Declipse.application=org.eclipse.jdt.ls.core.id1 -Dosgi.bundles.defaultStartLevel=4 -Declipse.product=org.eclipse.jdt.ls.core.product -Djava.import.generatesMetadataFilesAtProjectRoot=false -DDetectVMInstallationsJob.disabled=true -Dfile.encoding=utf8 -XX:+UseParallelGC -XX:GCTimeRatio=4 -XX:AdaptiveSizePolicyWeight=90 -Dsun.zip.disableMemoryMapping=true -Xmx2G -Xms100m -Xlog:disable -javaagent:c:\Users\Asus\.vscode\extensions\redhat.java-1.55.0-win32-x64\lombok\lombok-1.18.39-4050.jar 
java_command: c:\Users\Asus\.vscode\extensions\redhat.java-1.55.0-win32-x64\server\plugins\org.eclipse.equinox.launcher_1.7.200.v20260619-2039.jar -configuration c:\Users\Asus\AppData\Roaming\Code\User\globalStorage\redhat.java\1.55.0\config_ss_win -data c:\Users\Asus\AppData\Roaming\Code\User\workspaceStorage\fa36339f393b423232f5ce674a617c59\redhat.java\ss_ws --pipe=\\.\pipe\lsp-4f515fc41127fcb2e36633516b5529a0-sock
java_class_path (initial): c:\Users\Asus\.vscode\extensions\redhat.java-1.55.0-win32-x64\server\plugins\org.eclipse.equinox.launcher_1.7.200.v20260619-2039.jar
Launcher Type: SUN_STANDARD

[Global flags]
    uintx AdaptiveSizePolicyWeight                 = 90                                        {product} {command line}
     intx CICompilerCount                          = 4                                         {product} {ergonomic}
    uintx GCTimeRatio                              = 4                                         {product} {command line}
   size_t InitialHeapSize                          = 104857600                                 {product} {command line}
   size_t MaxHeapSize                              = 2147483648                                {product} {command line}
   size_t MaxNewSize                               = 715653120                                 {product} {ergonomic}
   size_t MinHeapDeltaBytes                        = 524288                                    {product} {ergonomic}
   size_t MinHeapSize                              = 104857600                                 {product} {command line}
   size_t NewSize                                  = 34603008                                  {product} {ergonomic}
    uintx NonNMethodCodeHeapSize                   = 5839372                                {pd product} {ergonomic}
    uintx NonProfiledCodeHeapSize                  = 122909434                              {pd product} {ergonomic}
   size_t OldSize                                  = 70254592                                  {product} {ergonomic}
    uintx ProfiledCodeHeapSize                     = 122909434                              {pd product} {ergonomic}
    uintx ReservedCodeCacheSize                    = 251658240                              {pd product} {ergonomic}
     bool SegmentedCodeCache                       = true                                      {product} {ergonomic}
   size_t SoftMaxHeapSize                          = 2147483648                             {manageable} {ergonomic}
     bool UseCompressedOops                        = true                           {product lp64_product} {ergonomic}
     bool UseLargePagesIndividualAllocation        = false                                  {pd product} {ergonomic}
     bool UseParallelGC                            = true                                      {product} {command line}

Logging:
Log output configuration:
 #0: stdout all=off uptime,level,tags foldmultilines=false
 #1: stderr all=off uptime,level,tags foldmultilines=false

Release file:
JAVA_VERSION="21.0.11" 
MODULES="java.base java.compiler java.datatransfer java.xml java.prefs java.desktop java.instrument java.logging java.management java.security.sasl java.naming java.rmi java.management.rmi java.net.http java.scripting java.security.jgss java.transaction.xa java.sql java.sql.rowset java.xml.crypto java.se java.smartcardio jdk.accessibility jdk.internal.jvmstat jdk.attach jdk.charsets jdk.internal.opt jdk.zipfs jdk.compiler jdk.crypto.ec jdk.crypto.cryptoki jdk.crypto.mscapi jdk.dynalink jdk.internal.ed jdk.editpad jdk.hotspot.agent jdk.httpserver jdk.internal.le jdk.internal.vm.ci jdk.internal.vm.compiler jdk.internal.vm.compiler.management jdk.jartool jdk.javadoc jdk.jcmd jdk.management jdk.management.agent jdk.jconsole jdk.jdeps jdk.jdwp.agent jdk.jdi jdk.jfr jdk.jshell jdk.jsobject jdk.jstatd jdk.localedata jdk.management.jfr jdk.naming.dns jdk.naming.rmi jdk.net jdk.nio.mapmode jdk.random jdk.sctp jdk.security.auth jdk.security.jgss jdk.unsupported jdk.unsupported.desktop jdk.xml.dom" 

Environment Variables:
JAVA_HOME=C:\Program Files\Java\jdk-17.0.1
PATH=C:\Program Files\Java\jdk-17.0.1\bin;C:\Program Files\Common Files\Oracle\Java\javapath;C:\WINDOWS\system32;C:\WINDOWS;C:\WINDOWS\System32\Wbem;C:\WINDOWS\System32\WindowsPowerShell\v1.0\;C:\WINDOWS\System32\OpenSSH\;C:\Program Files\PuTTY\;C:\flutter\bin;C:\Users\Asus\AppData\Local\Android\Sdk;C:\Users\Asus\AppData\Local\Android\Sdk\cmdline-tools\latest\bin;C:\Users\Asus\AppData\Local\Android\Sdk\platform-tools;C:\Program Files\Java\jdk-22.0.2\bin;C:\xampp\php;C:\composer;C:\Program Files\Git\cmd;;C:\Program Files\Docker\Docker\resources\bin;C:\Users\Asus\AppData\Local\Microsoft\WindowsApps;C:\MinGW\bin;C:\Users\Asus\AppData\Local\Programs\Microsoft VS Code\bin;C:\Users\Asus\AppData\Roaming\Composer\vendor\bin;C:\Program Files\Java\jdk-17.0.1\bin;
USERNAME=Asus
OS=Windows_NT
PROCESSOR_IDENTIFIER=AMD64 Family 23 Model 160 Stepping 0, AuthenticAMD
TMP=C:\Users\Asus\AppData\Local\Temp
TEMP=C:\Users\Asus\AppData\Local\Temp




Periodic native trim disabled

---------------  S Y S T E M  ---------------

OS:
 Windows 11 , 64 bit Build 26100 (10.0.26100.8521)
OS uptime: 0 days 6:56 hours
Hyper-V role detected

CPU: total 8 (initial active 8) (8 cores per cpu, 2 threads per core) family 23 model 160 stepping 0 microcode 0x8a00006, cx8, cmov, fxsr, ht, mmx, 3dnowpref, sse, sse2, sse3, ssse3, sse4a, sse4.1, sse4.2, popcnt, lzcnt, tsc, tscinvbit, avx, avx2, aes, clmul, bmi1, bmi2, adx, sha, fma, vzeroupper, clflush, clflushopt, hv, rdtscp, rdpid, f16c
Processor Information for the first 8 processors :
  Max Mhz: 2401, Current Mhz: 2000, Mhz Limit: 2401

Memory: 4k page, system-wide physical 7455M (579M free)
TotalPageFile size 23080M (AvailPageFile size 37M)
current process WorkingSet (physical memory assigned to process): 152M, peak: 153M
current process commit charge ("private bytes"): 286M, peak: 287M

vm_info: OpenJDK 64-Bit Server VM (21.0.11+10-LTS) for windows-amd64 JRE (21.0.11+10-LTS), built on 2026-04-21T00:00:00Z by "admin" with MS VC++ 17.12 (VS2022)

END.
